[webpac.npac-ntch.org/index.html]
[backblue.gif]
[fade.gif]
[index.html]
[webpac.npac-ntch.org/static/igrid/img/favicon.svg]
[webpac.npac-ntch.org/static/igrid/css/bootstrap.min.css]
[webpac.npac-ntch.org/static/igrid/css/bootstrap-icons.css]
[webpac.npac-ntch.org/static/igrid/css/tailwind.min.css]
[webpac.npac-ntch.org/static/igrid/css/fontawesome.min.css]
[webpac.npac-ntch.org/static/igrid/css/splide.min.css]
[webpac.npac-ntch.org/static/igrid/css/ion.rangeSlider.min.css]
[webpac.npac-ntch.org/static/igrid/css/main.min.css]
[webpac.npac-ntch.org/static/igrid/css/colors.min.css]
[webpac.npac-ntch.org/static/igrid/css/style.min.css]
[webpac.npac-ntch.org/static/igrid/css/jquery-ui.min.css]
[webpac.npac-ntch.org/static/igrid/js/jquery.min.js]
[webpac.npac-ntch.org/static/igrid/js/splide.min.js]
[webpac.npac-ntch.org/static/igrid/js/ion.rangeSlider.min.js]
[webpac.npac-ntch.org/static/igrid/img/logo.svg]
[webpac.npac-ntch.org/static/igrid/img/book.svg]
[serv.npac-ntch.org/CD/31B/C031697.jpg]
[webpac.npac-ntch.org/indexca1f.html]
[serv.npac-ntch.org/CD/31B/C031761.jpg]
[webpac.npac-ntch.org/index7952.html]
[webpac.npac-ntch.org/indexd6a1.html]
[serv.npac-ntch.org/CD/31B/C031797.jpg]
[serv.npac-ntch.org/CD/31B/C031773.jpg]
[webpac.npac-ntch.org/latest/index793c.html]
[serv.npac-ntch.org/CD/31B/C031760.jpg]
[serv.npac-ntch.org/CD/31B/C031731.jpg]
[webpac.npac-ntch.org/advance/index.html]
[serv.npac-ntch.org/CD/31B/C031758.jpg]
[serv.npac-ntch.org/CD/31B/C031712.jpg]
[serv.npac-ntch.org/CD/31B/C031688.jpg]
[serv.npac-ntch.org/CD/31B/C031654.jpg]
[serv.npac-ntch.org/CD/31B/C031779.jpg]
[webpac.npac-ntch.org/search/indexf60c.html]
[serv.npac-ntch.org/CD/31B/C031754.jpg]
[webpac.npac-ntch.org/search/index05a4.html]
[serv.npac-ntch.org/CD/31B/C031780.jpg]
[serv.npac-ntch.org/CD/31B/C031662.jpg]
[webpac.npac-ntch.org/search/indexe2fa.html]
[serv.npac-ntch.org/CD/31B/C031790.jpg]
[webpac.npac-ntch.org/search/indexa8d3.html]
[serv.npac-ntch.org/CD/31B/C031677.jpg]
[webpac.npac-ntch.org/search/index9e9f.html]
[serv.npac-ntch.org/CD/31B/C031716.jpg]
[serv.npac-ntch.org/CD/31B/C031690.jpg]
[webpac.npac-ntch.org/static/igrid/js/script.min.js]
[webpac.npac-ntch.org/search/index3d0a.html]
[webpac.npac-ntch.org/static/igrid/js/bootstrap.bundle.min.js]
[webpac.npac-ntch.org/index.html]
[webpac.npac-ntch.org/static/igrid/js/jquery-ui.min.js]
[www.googletagmanager.com/gtm5445.html]
[webpac.npac-ntch.org/search/indexbe17.html]
[webpac.npac-ntch.org/static/igrid/img/favicon.svg]
[webpac.npac-ntch.org/search/indexc3b4.html]
[webpac.npac-ntch.org/search/index3876.html]
[webpac.npac-ntch.org/static/igrid/css/bootstrap.min.css]
[webpac.npac-ntch.org/search/indexc386.html]
[webpac.npac-ntch.org/ajax/latest/index51cb.html]
[webpac.npac-ntch.org/static/igrid/css/bootstrap-icons.css]
[webpac.npac-ntch.org/ajax/latest/indexfd92.html]
[webpac.npac-ntch.org/ajax/latest/index703b.html]
[webpac.npac-ntch.org/static/igrid/css/tailwind.min.css]
[webpac.npac-ntch.org/ajax/latest/indexa629.html]
[webpac.npac-ntch.org/latest/index6424.html]
[webpac.npac-ntch.org/static/igrid/css/fontawesome.min.css]
[webpac.npac-ntch.org/detail/1022573/index.html]
[webpac.npac-ntch.org/detail/2851765/index.html]
[webpac.npac-ntch.org/static/igrid/css/splide.min.css]
[webpac.npac-ntch.org/detail/2851780/index.html]
[webpac.npac-ntch.org/detail/3012322/index.html]
[webpac.npac-ntch.org/static/igrid/css/ion.rangeSlider.min.css]
[webpac.npac-ntch.org/detail/2174174/index.html]
[webpac.npac-ntch.org/detail/755195/index.html]
[webpac.npac-ntch.org/static/igrid/css/main.min.css]
[webpac.npac-ntch.org/detail/2174170/index.html]
[webpac.npac-ntch.org/detail/1087801/index.html]
[webpac.npac-ntch.org/detail/1022565/index.html]
[webpac.npac-ntch.org/static/igrid/css/colors.min.css]
[webpac.npac-ntch.org/detail/1224392/index.html]
[webpac.npac-ntch.org/detail/3012319/index.html]
[webpac.npac-ntch.org/static/igrid/css/style.min.css]
[webpac.npac-ntch.org/detail/3012312/index.html]
[webpac.npac-ntch.org/detail/2132656/index.html]
[webpac.npac-ntch.org/static/igrid/css/jquery-ui.min.css]
[webpac.npac-ntch.org/detail/3012314/index.html]
[webpac.npac-ntch.org/detail/1022543/index.html]
[webpac.npac-ntch.org/static/igrid/img/logo.svg]
[webpac.npac-ntch.org/detail/1022556/index.html]
[webpac.npac-ntch.org/detail/1087805/index.html]
[webpac.npac-ntch.org/user/accounts/login/index4726.html]
[webpac.npac-ntch.org/detail/1022567/index.html]
[webpac.npac-ntch.org/exhibition/index.html]
[webpac.npac-ntch.org/index7952.html]
[webpac.npac-ntch.org/indexca1f.html]
[webpac.npac-ntch.org/indexd6a1.html]
[webpac.npac-ntch.org/eresources/index.html]
[webpac.npac-ntch.org/latest/index793c.html]
[webpac.npac-ntch.org/user/accounts/login/index6ec6.html]
[webpac.npac-ntch.org/advance/index.html]
[webpac.npac-ntch.org/search/indexf60c.html]
[webpac.npac-ntch.org/search/index05a4.html]
[webpac.npac-ntch.org/search/indexe2fa.html]
[webpac.npac-ntch.org/usermark/index1c9d.html]
[webpac.npac-ntch.org/search/indexa8d3.html]
[webpac.npac-ntch.org/usermark/indexfc62.html]
[webpac.npac-ntch.org/search/index9e9f.html]
[webpac.npac-ntch.org/search/index3d0a.html]
[webpac.npac-ntch.org/search/indexbe17.html]
[webpac.npac-ntch.org/search/indexc3b4.html]
[webpac.npac-ntch.org/search/index3876.html]
[webpac.npac-ntch.org/search/indexc386.html]
[webpac.npac-ntch.org/latest/index6424.html]
[webpac.npac-ntch.org/ajax/latest/index51cb.html]
[webpac.npac-ntch.org/ajax/latest/index703b.html]
[webpac.npac-ntch.org/ajax/latest/indexfd92.html]
[webpac.npac-ntch.org/ajax/latest/indexa629.html]
[webpac.npac-ntch.org/detail/1022573/index.html]
[webpac.npac-ntch.org/static/igrid/img/book.svg]
[webpac.npac-ntch.org/detail/2851765/index.html]
[webpac.npac-ntch.org/detail/3012322/index.html]
[webpac.npac-ntch.org/detail/2851780/index.html]
[webpac.npac-ntch.org/detail/2174174/index.html]
[webpac.npac-ntch.org/detail/755195/index.html]
[webpac.npac-ntch.org/detail/2174170/index.html]
[webpac.npac-ntch.org/detail/1087801/index.html]
[webpac.npac-ntch.org/detail/1022565/index.html]
[webpac.npac-ntch.org/detail/1224392/index.html]
[webpac.npac-ntch.org/detail/3012319/index.html]
[webpac.npac-ntch.org/detail/2132656/index.html]
[webpac.npac-ntch.org/detail/3012312/index.html]
[webpac.npac-ntch.org/detail/1022543/index.html]
[webpac.npac-ntch.org/detail/3012314/index.html]
[webpac.npac-ntch.org/detail/1022556/index.html]
[webpac.npac-ntch.org/detail/1087805/index.html]
[webpac.npac-ntch.org/detail/1022567/index.html]
[webpac.npac-ntch.org/exhibition/index.html]
[webpac.npac-ntch.org/usermark/indexfc62.html]
[webpac.npac-ntch.org/usermark/index1c9d.html]
[webpac.npac-ntch.org/autocomplete/index.html]
