[www.googletagmanager.com/gtag/js0cbe]
[backblue.gif]
[fade.gif]
[index.html]
[dataverse.harvard.edu_443/javax.faces.resource/omnifaces.jse4ec.xhtml;jsessionid=e949dbaac3f2d601284dd956e917]
[dataverse.harvard.edu_443/javax.faces.resource/jquery/jquery.jsef2e.xhtml;jsessionid=e949dbaac3f2d601284dd956e917]
[dataverse.harvard.edu_443/javax.faces.resource/jquery/jquery-plugins.jsef2e.xhtml;jsessionid=e949dbaac3f2d601284dd956e917]
[dataverse.harvard.edu_443/javax.faces.resource/core.jsef2e.xhtml;jsessionid=e949dbaac3f2d601284dd956e917]
[dataverse.harvard.edu_443/javax.faces.resource/components.jsef2e.xhtml;jsessionid=e949dbaac3f2d601284dd956e917]
[dataverse.harvard.edu_443/javax.faces.resource/jsf.js8be1.xhtml;jsessionid=e949dbaac3f2d601284dd956e917]
[dataverse.harvard.edu_443/javax.faces.resource/watermark/watermark.jsef2e.xhtml;jsessionid=e949dbaac3f2d601284dd956e917]
[dataverse.harvard.edu_443/javax.faces.resource/touch/touchswipe.jsef2e.xhtml;jsessionid=e949dbaac3f2d601284dd956e917]
[dataverse.harvard.edu_443/javax.faces.resource/images/fav/apple-touch-icon.png.png]
[dataverse.harvard.edu_443/javax.faces.resource/images/fav/favicon-16x16.png.png]
[dataverse.harvard.edu_443/javax.faces.resource/images/fav/favicon-32x32.png.png]
[dataverse.harvard.edu_443/javax.faces.resource/images/fav/site.webmanifest.xhtml;jsessionid=e949dbaac3f2d601284dd956e917]
[dataverse.harvard.edu_443/javax.faces.resource/images/dataverseproject.png.png]
[dataverse.harvard.edu_443/logos/navbar/logo.png]
[support.dataverse.harvard.edu/index.html]
[dataverse.org/metrics.html]
[support.dataverse.harvard.edu/harvard-dataverse-privacy-policy.html]
[dataverse.harvard.edu_443/resources/images/dataverseproject_logo.png]
[docs.google.com/forms/d/e/1FAIpQLSf4VinfXacN2fsZxWn1_ITCAlUqzdBT7cNk5C5DjvKBRf6wtQ/viewform0e12.html]
[dataverse.harvard.edu_443/resources/images/ajax-loading.gif]
[dataverse.harvard.edu_443/javax.faces.resource/js/dv_rebind_bootstrap_ui.jsa3e5.xhtml;jsessionid=e949dbaac3f2d601284dd956e917]
[dataverse.harvard.edu_443/javax.faces.resource/bs/js/bootstrap.min.jsa3e5.xhtml;jsessionid=e949dbaac3f2d601284dd956e917]
[dataverse.harvard.edu_443/javax.faces.resource/js/ie-compat.jsa3e5.xhtml;jsessionid=e949dbaac3f2d601284dd956e917]
[dataverse.harvard.edu_443/javax.faces.resource/js/owl.carousel.jsa3e5.xhtml;jsessionid=e949dbaac3f2d601284dd956e917]
[dataverse.harvard.edu_443/javax.faces.resource/js/jquery.matchHeight.jsa3e5.xhtml;jsessionid=e949dbaac3f2d601284dd956e917]
[dataverse.harvard.edu_443/javax.faces.resource/js/jquery.sharrre.jsa3e5.xhtml;jsessionid=e949dbaac3f2d601284dd956e917]
[dataverse.harvard.edu_443/javax.faces.resource/js/clipboard.min.jsa3e5.xhtml;jsessionid=e949dbaac3f2d601284dd956e917]
[dataverse.harvard.edu_443/dataverse/harvard227e.html]
[dataverse.harvard.edu_443/dataverse/index.html]
[dataverse.harvard.edu_443/javax.faces.resource/theme.css519a.css]
[dataverse.harvard.edu_443/javax.faces.resource/primeicons/primeicons.cssef2e.css]
[dataverse.harvard.edu_443/javax.faces.resource/components.cssef2e.css]
[dataverse.harvard.edu_443/javax.faces.resource/images/fav/safari-pinned-tab.svg.svg]
[dataverse.harvard.edu_443/javax.faces.resource/bs/css/bootstrap.min.cssa3e5.css]
[dataverse.harvard.edu_443/javax.faces.resource/bs/css/bootstrap-theme.min.cssa3e5.css]
[dataverse.harvard.edu_443/javax.faces.resource/css/ie-compat.cssa3e5.css]
[dataverse.harvard.edu_443/javax.faces.resource/css/owl.carousel.cssa3e5.css]
[dataverse.harvard.edu_443/javax.faces.resource/css/fontcustom.cssa3e5.css]
[dataverse.harvard.edu_443/javax.faces.resource/css/socicon.cssa3e5.css]
[dataverse.harvard.edu_443/javax.faces.resource/css/structure.cssa3e5.css]
[dataverse.harvard.edu_443/index.html]
[dataverse.harvard.edu/loginpage314a.html]
[dataverse.harvard.edu/loginpage9a4d.html]
[support.dataverse.harvard.edu/index.html]
[guides.dataverse.org/en/5.11.1/user/index.html]
[dataverse.harvard.edu_443/dataverseuserb68a.html]
[dataverse.harvard.edu_443/loginpaged5e0.html]
[dataverse.org/metrics.html]
[dataverse.harvard.edu_443/dataverse/harvard/search;jsessionid=e949dbaac3f2d601284dd956e917.html]
[dataverse.harvard.edu_443/dataverse/harvard;jsessionid=e949dbaac3f2d601284dd956e9178a56.html]
[dataverse.harvard.edu_443/dataverse/harvard;jsessionid=e949dbaac3f2d601284dd956e917088a.html]
[dataverse.harvard.edu_443/dataverse/harvard;jsessionid=e949dbaac3f2d601284dd956e917d5f2.html]
[dataverse.harvard.edu_443/dataverse/harvard;jsessionid=e949dbaac3f2d601284dd956e917a18b.html]
[dataverse.harvard.edu_443/dataverse/harvard;jsessionid=e949dbaac3f2d601284dd956e91787d7.html]
[dataverse.harvard.edu_443/dataverse/harvard;jsessionid=e949dbaac3f2d601284dd956e917752a.html]
[dataverse.harvard.edu_443/dataverse/harvard;jsessionid=e949dbaac3f2d601284dd956e917bf58.html]
[dataverse.harvard.edu_443/dataverse/harvard;jsessionid=e949dbaac3f2d601284dd956e917b964.html]
[dataverse.harvard.edu_443/dataverse/harvard;jsessionid=e949dbaac3f2d601284dd956e917e582.html]
[dataverse.harvard.edu_443/dataverse/harvard;jsessionid=e949dbaac3f2d601284dd956e9176db1.html]
[dataverse.harvard.edu_443/dataverse/harvard;jsessionid=e949dbaac3f2d601284dd956e9173dbf.html]
[dataverse.harvard.edu_443/dataverse/harvard;jsessionid=e949dbaac3f2d601284dd956e9176298.html]
[dataverse.harvard.edu_443/dataverse/harvard;jsessionid=e949dbaac3f2d601284dd956e9170f22.html]
[dataverse.harvard.edu_443/dataverse/harvard;jsessionid=e949dbaac3f2d601284dd956e9174df4.html]
[dataverse.harvard.edu_443/dataverse/harvard;jsessionid=e949dbaac3f2d601284dd956e9170a37.html]
[dataverse.harvard.edu_443/dataverse/harvard;jsessionid=e949dbaac3f2d601284dd956e91734b5.html]
[dataverse.harvard.edu_443/dataverse/harvard;jsessionid=e949dbaac3f2d601284dd956e9178c84.html]
[dataverse.harvard.edu_443/dataverse/harvard;jsessionid=e949dbaac3f2d601284dd956e917e90b.html]
[dataverse.harvard.edu_443/dataverse/harvard;jsessionid=e949dbaac3f2d601284dd956e917776d.html]
[dataverse.harvard.edu_443/dataverse/harvard;jsessionid=e949dbaac3f2d601284dd956e917a0dc.html]
[dataverse.harvard.edu_443/dataverse/harvard;jsessionid=e949dbaac3f2d601284dd956e917968c.html]
[dataverse.harvard.edu_443/dataverse/harvard;jsessionid=e949dbaac3f2d601284dd956e917dacc.html]
[dataverse.harvard.edu_443/dataverse/harvard;jsessionid=e949dbaac3f2d601284dd956e91756b1.html]
[dataverse.harvard.edu_443/dataverse/harvard;jsessionid=e949dbaac3f2d601284dd956e91721d9.html]
[dataverse.harvard.edu_443/dataverse/harvard;jsessionid=e949dbaac3f2d601284dd956e91776d5.html]
[dataverse.harvard.edu_443/dataverse/harvard;jsessionid=e949dbaac3f2d601284dd956e9176834.html]
[dataverse.harvard.edu_443/dataverse/harvard;jsessionid=e949dbaac3f2d601284dd956e917604e.html]
[dataverse.harvard.edu_443/dataverse/harvard;jsessionid=e949dbaac3f2d601284dd956e917c0be.html]
[dataverse.harvard.edu_443/dataverse/harvard;jsessionid=e949dbaac3f2d601284dd956e9175129.html]
[dataverse.harvard.edu_443/dataverse/harvard;jsessionid=e949dbaac3f2d601284dd956e917d618.html]
[dataverse.harvard.edu_443/dataverse/harvard;jsessionid=e949dbaac3f2d601284dd956e91797fe.html]
[dataverse.harvard.edu_443/dataverse/harvard;jsessionid=e949dbaac3f2d601284dd956e917f679.html]
[dataverse.harvard.edu_443/dataverse/harvard;jsessionid=e949dbaac3f2d601284dd956e9175dfd.html]
[dataverse.harvard.edu_443/dataverse/harvard;jsessionid=e949dbaac3f2d601284dd956e917c7c4.html]
[dataverse.harvard.edu_443/dataverse/harvard;jsessionid=e949dbaac3f2d601284dd956e917e44c.html]
[dataverse.harvard.edu_443/dataverse/harvard;jsessionid=e949dbaac3f2d601284dd956e9171d37.html]
[dataverse.harvard.edu_443/dataverse/harvard;jsessionid=e949dbaac3f2d601284dd956e9170094.html]
[dataverse.harvard.edu_443/dataverse/harvard;jsessionid=e949dbaac3f2d601284dd956e9173a80.html]
[dataverse.harvard.edu_443/dataverse/harvard;jsessionid=e949dbaac3f2d601284dd956e91758bb.html]
[dataverse.harvard.edu_443/dataverse/harvard;jsessionid=e949dbaac3f2d601284dd956e9171a95.html]
[dataverse.harvard.edu_443/dataverse/harvard;jsessionid=e949dbaac3f2d601284dd956e9174a9e.html]
[dataverse.harvard.edu_443/dataverse/harvard;jsessionid=e949dbaac3f2d601284dd956e917c421.html]
[dataverse.harvard.edu_443/dataverse/harvard;jsessionid=e949dbaac3f2d601284dd956e9178651.html]
[dataverse.harvard.edu_443/dataverse/harvard;jsessionid=e949dbaac3f2d601284dd956e9176622.html]
[dataverse.harvard.edu_443/dataverse/harvard;jsessionid=e949dbaac3f2d601284dd956e91743c5.html]
[dataverse.harvard.edu_443/dataverse/harvard;jsessionid=e949dbaac3f2d601284dd956e917e049.html]
[dataverse.harvard.edu_443/dataverse/harvard;jsessionid=e949dbaac3f2d601284dd956e917b66c.html]
[dataverse.harvard.edu_443/dataverse/IDV;jsessionid=e949dbaac3f2d601284dd956e917.html]
[dataverse.harvard.edu_443/datasetd5b8.html]
[dataverse.harvard.edu_443/dataverse/FAIR2021;jsessionid=e949dbaac3f2d601284dd956e917.html]
[dataverse.harvard.edu/datasetd5b8.html]
[dataverse.harvard.edu_443/dataset2e8c.html]
[dataverse.harvard.edu_443/dataverse/sawasdee;jsessionid=e949dbaac3f2d601284dd956e917.html]
[dataverse.harvard.edu/dataset2e8c.html]
[dataverse.harvard.edu_443/dataverse/jwcn_reflc_ant;jsessionid=e949dbaac3f2d601284dd956e917.html]
[dataverse.harvard.edu_443/dataset7994.html]
[dataverse.harvard.edu_443/dataverse/eclarkephd;jsessionid=e949dbaac3f2d601284dd956e917.html]
[dataverse.harvard.edu/dataset7994.html]
[dataverse.harvard.edu_443/dataset6b70.html]
[dataverse.harvard.edu_443/dataverse/jpp;jsessionid=e949dbaac3f2d601284dd956e917.html]
[dataverse.harvard.edu/dataset6b70.html]
[dataverse.harvard.edu_443/dataset75a0.html]
[dataverse.harvard.edu/dataset75a0.html]
[dataverse.harvard.edu_443/datasetb1de.html]
[dataverse.harvard.edu_443/dataverse/se;jsessionid=e949dbaac3f2d601284dd956e917.html]
[dataverse.harvard.edu/datasetb1de.html]
[dataverse.harvard.edu_443/dataset03db.html]
[dataverse.harvard.edu_443/dataverse/electionresults;jsessionid=e949dbaac3f2d601284dd956e917.html]
[dataverse.harvard.edu/dataset03db.html]
[dataverse.harvard.edu_443/datasetbffc.html]
[dataverse.harvard.edu_443/dataverse/harvardopendata;jsessionid=e949dbaac3f2d601284dd956e917.html]
[dataverse.harvard.edu/datasetbffc.html]
[dataverse.harvard.edu_443/dataverse/harvard;jsessionid=e949dbaac3f2d601284dd956e917f2e7.html]
[dataverse.harvard.edu_443/dataverse/harvard;jsessionid=e949dbaac3f2d601284dd956e917ee11.html]
[dataverse.harvard.edu_443/dataverse/harvard;jsessionid=e949dbaac3f2d601284dd956e917de3b.html]
[dataverse.harvard.edu_443/dataverse/harvard;jsessionid=e949dbaac3f2d601284dd956e917ef87.html]
[dataverse.harvard.edu_443/dataverse/harvard;jsessionid=e949dbaac3f2d601284dd956e917ab59.html]
[dataverse.harvard.edu_443/dataverseuserb68a-2.html]
[dataverse.harvard.edu_443/loginpaged5e0-2.html]
[support.dataverse.harvard.edu/harvard-dataverse-privacy-policy.html]
[dataverse.org/index.html]
[dataverse.harvard.edu_443/resources/images/dataverse_project_logo.svg]
[docs.google.com/forms/d/e/1FAIpQLSf4VinfXacN2fsZxWn1_ITCAlUqzdBT7cNk5C5DjvKBRf6wtQ/viewform0e12.html]
